// Vitest Snapshot v1, https://vitest.dev/guide/snapshot.html

exports[`CarDetails > matches snapshot 1`] = `<div />`;
